cd ~/sched/workspace/SumSat; nice -n 19 python run.py -c 1000 -p NKQ -a rLS -f fit -i 0 -s 1 -w 1 -n 1000 -k 1 -q 2 -mwalWalk -t3 &
cd ~/sched/workspace/SumSat; nice -n 19 python run.py -c 3000 -p NKQ -a rLS -f fit -i 0 -s 1 -w 1 -n 1000 -k 1 -q 2 -mwalWalk -t3 &
cd ~/sched/workspace/SumSat; nice -n 19 python run.py -c 4260 -p NKQ -a rLS -f fit -i 0 -s 1 -w 1 -n 1000 -k 1 -q 2 -mwalWalk -t3 &
cd ~/sched/workspace/SumSat; nice -n 19 python run.py -c 6000 -p NKQ -a rLS -f fit -i 0 -s 1 -w 1 -n 1000 -k 1 -q 2 -mwalWalk -t3 &
cd ~/sched/workspace/SumSat; nice -n 19 python run.py -c 7500 -p NKQ -a rLS -f fit -i 0 -s 1 -w 1 -n 1000 -k 1 -q 2 -mwalWalk -t3 &
cd ~/sched/workspace/SumSat; nice -n 19 python run.py -c 9000 -p NKQ -a rLS -f fit -i 0 -s 1 -w 1 -n 1000 -k 1 -q 2 -mwalWalk -t3 &
cd ~/sched/workspace/SumSat; nice -n 19 python run.py -c 1000 -p NKQ -a rLS -f mean -i 0 -s 1 -w 1 -n 1000 -k 1 -q 2 -mwalWalk -t3 &
cd ~/sched/workspace/SumSat; nice -n 19 python run.py -c 3000 -p NKQ -a rLS -f mean -i 0 -s 1 -w 1 -n 1000 -k 1 -q 2 -mwalWalk -t3 &
cd ~/sched/workspace/SumSat; nice -n 19 python run.py -c 4260 -p NKQ -a rLS -f mean -i 0 -s 1 -w 1 -n 1000 -k 1 -q 2 -mwalWalk -t3 &
cd ~/sched/workspace/SumSat; nice -n 19 python run.py -c 6000 -p NKQ -a rLS -f mean -i 0 -s 1 -w 1 -n 1000 -k 1 -q 2 -mwalWalk -t3 &
cd ~/sched/workspace/SumSat; nice -n 19 python run.py -c 7500 -p NKQ -a rLS -f mean -i 0 -s 1 -w 1 -n 1000 -k 1 -q 2 -mwalWalk -t3 &
cd ~/sched/workspace/SumSat; nice -n 19 python run.py -c 9000 -p NKQ -a rLS -f mean -i 0 -s 1 -w 1 -n 1000 -k 1 -q 2 -mwalWalk -t3 &
cd ~/sched/workspace/SumSat; nice -n 19 python run.py -c 1000 -p NKQ -a rLS -f combF -i 0 -s 1 -w 1 -n 1000 -k 1 -q 2 -mwalWalk -t3 &
cd ~/sched/workspace/SumSat; nice -n 19 python run.py -c 3000 -p NKQ -a rLS -f combF -i 0 -s 1 -w 1 -n 1000 -k 1 -q 2 -mwalWalk -t3 &
cd ~/sched/workspace/SumSat; nice -n 19 python run.py -c 4260 -p NKQ -a rLS -f combF -i 0 -s 1 -w 1 -n 1000 -k 1 -q 2 -mwalWalk -t3 &
cd ~/sched/workspace/SumSat; nice -n 19 python run.py -c 6000 -p NKQ -a rLS -f combF -i 0 -s 1 -w 1 -n 1000 -k 1 -q 2 -mwalWalk -t3 &
cd ~/sched/workspace/SumSat; nice -n 19 python run.py -c 7500 -p NKQ -a rLS -f combF -i 0 -s 1 -w 1 -n 1000 -k 1 -q 2 -mwalWalk -t3 &
cd ~/sched/workspace/SumSat; nice -n 19 python run.py -c 9000 -p NKQ -a rLS -f combF -i 0 -s 1 -w 1 -n 1000 -k 1 -q 2 -mwalWalk -t3 &
