cd ~/sched/workspace/SumSat; nice -n 19 python run.py -c 500 -p NKQ -a rLS -f switch -i 0 -s 1 -w 1 -n 500 -k 2 -q 2 -mwalWalk -t4 &
cd ~/sched/workspace/SumSat; nice -n 19 python run.py -c 1500 -p NKQ -a rLS -f switch -i 0 -s 1 -w 1 -n 500 -k 2 -q 2 -mwalWalk -t4 &
cd ~/sched/workspace/SumSat; nice -n 19 python run.py -c 2130 -p NKQ -a rLS -f switch -i 0 -s 1 -w 1 -n 500 -k 2 -q 2 -mwalWalk -t4 &
cd ~/sched/workspace/SumSat; nice -n 19 python run.py -c 3000 -p NKQ -a rLS -f switch -i 0 -s 1 -w 1 -n 500 -k 2 -q 2 -mwalWalk -t4 &
cd ~/sched/workspace/SumSat; nice -n 19 python run.py -c 3750 -p NKQ -a rLS -f switch -i 0 -s 1 -w 1 -n 500 -k 2 -q 2 -mwalWalk -t4 &
cd ~/sched/workspace/SumSat; nice -n 19 python run.py -c 4500 -p NKQ -a rLS -f switch -i 0 -s 1 -w 1 -n 500 -k 2 -q 2 -mwalWalk -t4 &
cd ~/sched/workspace/SumSat; nice -n 19 python run.py -c 500 -p NKQ -a rLS -f switch -i 0 -s 1 -w 1 -n 500 -k 2 -q 2 -mwalWalk -t5 &
cd ~/sched/workspace/SumSat; nice -n 19 python run.py -c 1500 -p NKQ -a rLS -f switch -i 0 -s 1 -w 1 -n 500 -k 2 -q 2 -mwalWalk -t5 &
cd ~/sched/workspace/SumSat; nice -n 19 python run.py -c 2130 -p NKQ -a rLS -f switch -i 0 -s 1 -w 1 -n 500 -k 2 -q 2 -mwalWalk -t5 &
cd ~/sched/workspace/SumSat; nice -n 19 python run.py -c 3000 -p NKQ -a rLS -f switch -i 0 -s 1 -w 1 -n 500 -k 2 -q 2 -mwalWalk -t5 &
cd ~/sched/workspace/SumSat; nice -n 19 python run.py -c 3750 -p NKQ -a rLS -f switch -i 0 -s 1 -w 1 -n 500 -k 2 -q 2 -mwalWalk -t5 &
cd ~/sched/workspace/SumSat; nice -n 19 python run.py -c 4500 -p NKQ -a rLS -f switch -i 0 -s 1 -w 1 -n 500 -k 2 -q 2 -mwalWalk -t5 &
cd ~/sched/workspace/SumSat; nice -n 19 python run.py -c 500 -p NKQ -a rLS -f switch -i 0 -s 1 -w 1 -n 500 -k 2 -q 2 -mwalWalk -t6 &
cd ~/sched/workspace/SumSat; nice -n 19 python run.py -c 1500 -p NKQ -a rLS -f switch -i 0 -s 1 -w 1 -n 500 -k 2 -q 2 -mwalWalk -t6 &
cd ~/sched/workspace/SumSat; nice -n 19 python run.py -c 2130 -p NKQ -a rLS -f switch -i 0 -s 1 -w 1 -n 500 -k 2 -q 2 -mwalWalk -t6 &
cd ~/sched/workspace/SumSat; nice -n 19 python run.py -c 3000 -p NKQ -a rLS -f switch -i 0 -s 1 -w 1 -n 500 -k 2 -q 2 -mwalWalk -t6 &
cd ~/sched/workspace/SumSat; nice -n 19 python run.py -c 3750 -p NKQ -a rLS -f switch -i 0 -s 1 -w 1 -n 500 -k 2 -q 2 -mwalWalk -t6 &
cd ~/sched/workspace/SumSat; nice -n 19 python run.py -c 4500 -p NKQ -a rLS -f switch -i 0 -s 1 -w 1 -n 500 -k 2 -q 2 -mwalWalk -t6 &
cd ~/sched/workspace/SumSat; nice -n 19 python run.py -c 500 -p NKQ -a rLS -f switch -i 0 -s 1 -w 1 -n 500 -k 2 -q 2 -mwalWalk -t7 &
cd ~/sched/workspace/SumSat; nice -n 19 python run.py -c 1500 -p NKQ -a rLS -f switch -i 0 -s 1 -w 1 -n 500 -k 2 -q 2 -mwalWalk -t7 &
cd ~/sched/workspace/SumSat; nice -n 19 python run.py -c 2130 -p NKQ -a rLS -f switch -i 0 -s 1 -w 1 -n 500 -k 2 -q 2 -mwalWalk -t7 &
cd ~/sched/workspace/SumSat; nice -n 19 python run.py -c 3000 -p NKQ -a rLS -f switch -i 0 -s 1 -w 1 -n 500 -k 2 -q 2 -mwalWalk -t7 &
cd ~/sched/workspace/SumSat; nice -n 19 python run.py -c 3750 -p NKQ -a rLS -f switch -i 0 -s 1 -w 1 -n 500 -k 2 -q 2 -mwalWalk -t7 &
cd ~/sched/workspace/SumSat; nice -n 19 python run.py -c 4500 -p NKQ -a rLS -f switch -i 0 -s 1 -w 1 -n 500 -k 2 -q 2 -mwalWalk -t7 &
cd ~/sched/workspace/SumSat; nice -n 19 python run.py -c 1000 -p NKQ -a rLS -f switch -i 0 -s 1 -w 1 -n 1000 -k 2 -q 2 -mwalWalk -t4 &
cd ~/sched/workspace/SumSat; nice -n 19 python run.py -c 3000 -p NKQ -a rLS -f switch -i 0 -s 1 -w 1 -n 1000 -k 2 -q 2 -mwalWalk -t4 &
cd ~/sched/workspace/SumSat; nice -n 19 python run.py -c 4260 -p NKQ -a rLS -f switch -i 0 -s 1 -w 1 -n 1000 -k 2 -q 2 -mwalWalk -t4 &
cd ~/sched/workspace/SumSat; nice -n 19 python run.py -c 6000 -p NKQ -a rLS -f switch -i 0 -s 1 -w 1 -n 1000 -k 2 -q 2 -mwalWalk -t4 &
cd ~/sched/workspace/SumSat; nice -n 19 python run.py -c 7500 -p NKQ -a rLS -f switch -i 0 -s 1 -w 1 -n 1000 -k 2 -q 2 -mwalWalk -t4 &
cd ~/sched/workspace/SumSat; nice -n 19 python run.py -c 9000 -p NKQ -a rLS -f switch -i 0 -s 1 -w 1 -n 1000 -k 2 -q 2 -mwalWalk -t4 &
cd ~/sched/workspace/SumSat; nice -n 19 python run.py -c 1000 -p NKQ -a rLS -f switch -i 0 -s 1 -w 1 -n 1000 -k 2 -q 2 -mwalWalk -t5 &
cd ~/sched/workspace/SumSat; nice -n 19 python run.py -c 3000 -p NKQ -a rLS -f switch -i 0 -s 1 -w 1 -n 1000 -k 2 -q 2 -mwalWalk -t5 &
cd ~/sched/workspace/SumSat; nice -n 19 python run.py -c 4260 -p NKQ -a rLS -f switch -i 0 -s 1 -w 1 -n 1000 -k 2 -q 2 -mwalWalk -t5 &
cd ~/sched/workspace/SumSat; nice -n 19 python run.py -c 6000 -p NKQ -a rLS -f switch -i 0 -s 1 -w 1 -n 1000 -k 2 -q 2 -mwalWalk -t5 &
cd ~/sched/workspace/SumSat; nice -n 19 python run.py -c 7500 -p NKQ -a rLS -f switch -i 0 -s 1 -w 1 -n 1000 -k 2 -q 2 -mwalWalk -t5 &
cd ~/sched/workspace/SumSat; nice -n 19 python run.py -c 9000 -p NKQ -a rLS -f switch -i 0 -s 1 -w 1 -n 1000 -k 2 -q 2 -mwalWalk -t5 &
cd ~/sched/workspace/SumSat; nice -n 19 python run.py -c 1000 -p NKQ -a rLS -f switch -i 0 -s 1 -w 1 -n 1000 -k 2 -q 2 -mwalWalk -t6 &
cd ~/sched/workspace/SumSat; nice -n 19 python run.py -c 3000 -p NKQ -a rLS -f switch -i 0 -s 1 -w 1 -n 1000 -k 2 -q 2 -mwalWalk -t6 &
cd ~/sched/workspace/SumSat; nice -n 19 python run.py -c 4260 -p NKQ -a rLS -f switch -i 0 -s 1 -w 1 -n 1000 -k 2 -q 2 -mwalWalk -t6 &
cd ~/sched/workspace/SumSat; nice -n 19 python run.py -c 6000 -p NKQ -a rLS -f switch -i 0 -s 1 -w 1 -n 1000 -k 2 -q 2 -mwalWalk -t6 &
cd ~/sched/workspace/SumSat; nice -n 19 python run.py -c 7500 -p NKQ -a rLS -f switch -i 0 -s 1 -w 1 -n 1000 -k 2 -q 2 -mwalWalk -t6 &
cd ~/sched/workspace/SumSat; nice -n 19 python run.py -c 9000 -p NKQ -a rLS -f switch -i 0 -s 1 -w 1 -n 1000 -k 2 -q 2 -mwalWalk -t6 &
cd ~/sched/workspace/SumSat; nice -n 19 python run.py -c 1000 -p NKQ -a rLS -f switch -i 0 -s 1 -w 1 -n 1000 -k 2 -q 2 -mwalWalk -t7 &
cd ~/sched/workspace/SumSat; nice -n 19 python run.py -c 3000 -p NKQ -a rLS -f switch -i 0 -s 1 -w 1 -n 1000 -k 2 -q 2 -mwalWalk -t7 &
cd ~/sched/workspace/SumSat; nice -n 19 python run.py -c 4260 -p NKQ -a rLS -f switch -i 0 -s 1 -w 1 -n 1000 -k 2 -q 2 -mwalWalk -t7 &
cd ~/sched/workspace/SumSat; nice -n 19 python run.py -c 6000 -p NKQ -a rLS -f switch -i 0 -s 1 -w 1 -n 1000 -k 2 -q 2 -mwalWalk -t7 &
cd ~/sched/workspace/SumSat; nice -n 19 python run.py -c 7500 -p NKQ -a rLS -f switch -i 0 -s 1 -w 1 -n 1000 -k 2 -q 2 -mwalWalk -t7 &
cd ~/sched/workspace/SumSat; nice -n 19 python run.py -c 9000 -p NKQ -a rLS -f switch -i 0 -s 1 -w 1 -n 1000 -k 2 -q 2 -mwalWalk -t7 &
