cd ~/sched/workspace/SumSat; nice -n 19 python demo.py walRestNext NK rLS fit 0 1 50 2 0 &
cd ~/sched/workspace/SumSat; nice -n 19 python demo.py walRestNext NKQ rLS fit 0 1 50 2 2 &
cd ~/sched/workspace/SumSat; nice -n 19 python demo.py walRest NK rLS fit 0 1 50 2 0 &
cd ~/sched/workspace/SumSat; nice -n 19 python demo.py walRest NKQ rLS fit 0 1 50 2 2 &
cd ~/sched/workspace/SumSat; nice -n 19 python demo.py walWalk NK rLS fit 0 1 50 2 0 &
cd ~/sched/workspace/SumSat; nice -n 19 python demo.py walWalk NKQ rLS fit 0 1 50 2 2 &
cd ~/sched/workspace/SumSat; nice -n 19 python demo.py walWalkNext NK rLS fit 0 1 50 2 0 &
cd ~/sched/workspace/SumSat; nice -n 19 python demo.py walWalkNext NKQ rLS fit 0 1 50 2 2 &
cd ~/sched/workspace/SumSat; nice -n 19 python demo.py walRestNext NK rLS mean 0 1 50 2 0 &
cd ~/sched/workspace/SumSat; nice -n 19 python demo.py walRestNext NKQ rLS mean 0 1 50 2 2 &
cd ~/sched/workspace/SumSat; nice -n 19 python demo.py walRest NK rLS mean 0 1 50 2 0 &
cd ~/sched/workspace/SumSat; nice -n 19 python demo.py walRest NKQ rLS mean 0 1 50 2 2 &
cd ~/sched/workspace/SumSat; nice -n 19 python demo.py walWalk NK rLS mean 0 1 50 2 0 &
cd ~/sched/workspace/SumSat; nice -n 19 python demo.py walWalk NKQ rLS mean 0 1 50 2 2 &
cd ~/sched/workspace/SumSat; nice -n 19 python demo.py walWalkNext NK rLS mean 0 1 50 2 0 &
cd ~/sched/workspace/SumSat; nice -n 19 python demo.py walWalkNext NKQ rLS mean 0 1 50 2 2 &
cd ~/sched/workspace/SumSat; nice -n 19 python demo.py walRestNext NK rLS fit 0 1 100 2 0 &
cd ~/sched/workspace/SumSat; nice -n 19 python demo.py walRestNext NKQ rLS fit 0 1 100 2 2 &
cd ~/sched/workspace/SumSat; nice -n 19 python demo.py walRest NK rLS fit 0 1 100 2 0 &
cd ~/sched/workspace/SumSat; nice -n 19 python demo.py walRest NKQ rLS fit 0 1 100 2 2 &
cd ~/sched/workspace/SumSat; nice -n 19 python demo.py walWalk NK rLS fit 0 1 100 2 0 &
cd ~/sched/workspace/SumSat; nice -n 19 python demo.py walWalk NKQ rLS fit 0 1 100 2 2 &
cd ~/sched/workspace/SumSat; nice -n 19 python demo.py walWalkNext NK rLS fit 0 1 100 2 0 &
cd ~/sched/workspace/SumSat; nice -n 19 python demo.py walWalkNext NKQ rLS fit 0 1 100 2 2 &
cd ~/sched/workspace/SumSat; nice -n 19 python demo.py walRestNext NK rLS mean 0 1 100 2 0 &
cd ~/sched/workspace/SumSat; nice -n 19 python demo.py walRestNext NKQ rLS mean 0 1 100 2 2 &
cd ~/sched/workspace/SumSat; nice -n 19 python demo.py walRest NK rLS mean 0 1 100 2 0 &
cd ~/sched/workspace/SumSat; nice -n 19 python demo.py walRest NKQ rLS mean 0 1 100 2 2 &
cd ~/sched/workspace/SumSat; nice -n 19 python demo.py walWalk NK rLS mean 0 1 100 2 0 &
cd ~/sched/workspace/SumSat; nice -n 19 python demo.py walWalk NKQ rLS mean 0 1 100 2 2 &
cd ~/sched/workspace/SumSat; nice -n 19 python demo.py walWalkNext NK rLS mean 0 1 100 2 0 &
cd ~/sched/workspace/SumSat; nice -n 19 python demo.py walWalkNext NKQ rLS mean 0 1 100 2 2 &
cd ~/sched/workspace/SumSat; nice -n 19 python demo.py walRestNext NK rLS fit 0 1 200 2 0 &
cd ~/sched/workspace/SumSat; nice -n 19 python demo.py walRestNext NKQ rLS fit 0 1 200 2 2 &
cd ~/sched/workspace/SumSat; nice -n 19 python demo.py walRest NK rLS fit 0 1 200 2 0 &
cd ~/sched/workspace/SumSat; nice -n 19 python demo.py walRest NKQ rLS fit 0 1 200 2 2 &
cd ~/sched/workspace/SumSat; nice -n 19 python demo.py walWalk NK rLS fit 0 1 200 2 0 &
cd ~/sched/workspace/SumSat; nice -n 19 python demo.py walWalk NKQ rLS fit 0 1 200 2 2 &
cd ~/sched/workspace/SumSat; nice -n 19 python demo.py walWalkNext NK rLS fit 0 1 200 2 0 &
cd ~/sched/workspace/SumSat; nice -n 19 python demo.py walWalkNext NKQ rLS fit 0 1 200 2 2 &
cd ~/sched/workspace/SumSat; nice -n 19 python demo.py walRestNext NK rLS mean 0 1 200 2 0 &
cd ~/sched/workspace/SumSat; nice -n 19 python demo.py walRestNext NKQ rLS mean 0 1 200 2 2 &
cd ~/sched/workspace/SumSat; nice -n 19 python demo.py walRest NK rLS mean 0 1 200 2 0 &
cd ~/sched/workspace/SumSat; nice -n 19 python demo.py walRest NKQ rLS mean 0 1 200 2 2 &
cd ~/sched/workspace/SumSat; nice -n 19 python demo.py walWalk NK rLS mean 0 1 200 2 0 &
cd ~/sched/workspace/SumSat; nice -n 19 python demo.py walWalk NKQ rLS mean 0 1 200 2 2 &
cd ~/sched/workspace/SumSat; nice -n 19 python demo.py walWalkNext NK rLS mean 0 1 200 2 0 &
cd ~/sched/workspace/SumSat; nice -n 19 python demo.py walWalkNext NKQ rLS mean 0 1 200 2 2 &
cd ~/sched/workspace/SumSat; nice -n 19 python demo.py walRestNext NK rLS fit 0 1 500 2 0 &
cd ~/sched/workspace/SumSat; nice -n 19 python demo.py walRestNext NKQ rLS fit 0 1 500 2 2 &
cd ~/sched/workspace/SumSat; nice -n 19 python demo.py walRest NK rLS fit 0 1 500 2 0 &
cd ~/sched/workspace/SumSat; nice -n 19 python demo.py walRest NKQ rLS fit 0 1 500 2 2 &
cd ~/sched/workspace/SumSat; nice -n 19 python demo.py walWalk NK rLS fit 0 1 500 2 0 &
cd ~/sched/workspace/SumSat; nice -n 19 python demo.py walWalk NKQ rLS fit 0 1 500 2 2 &
cd ~/sched/workspace/SumSat; nice -n 19 python demo.py walWalkNext NK rLS fit 0 1 500 2 0 &
cd ~/sched/workspace/SumSat; nice -n 19 python demo.py walWalkNext NKQ rLS fit 0 1 500 2 2 &
cd ~/sched/workspace/SumSat; nice -n 19 python demo.py walRestNext NK rLS mean 0 1 500 2 0 &
cd ~/sched/workspace/SumSat; nice -n 19 python demo.py walRestNext NKQ rLS mean 0 1 500 2 2 &
cd ~/sched/workspace/SumSat; nice -n 19 python demo.py walRest NK rLS mean 0 1 500 2 0 &
cd ~/sched/workspace/SumSat; nice -n 19 python demo.py walRest NKQ rLS mean 0 1 500 2 2 &
cd ~/sched/workspace/SumSat; nice -n 19 python demo.py walWalk NK rLS mean 0 1 500 2 0 &
cd ~/sched/workspace/SumSat; nice -n 19 python demo.py walWalk NKQ rLS mean 0 1 500 2 2 &
cd ~/sched/workspace/SumSat; nice -n 19 python demo.py walWalkNext NK rLS mean 0 1 500 2 0 &
cd ~/sched/workspace/SumSat; nice -n 19 python demo.py walWalkNext NKQ rLS mean 0 1 500 2 2 &
cd ~/sched/workspace/SumSat; nice -n 19 python demo.py walRestNext NK rLS fit 0 1 1000 2 0 &
cd ~/sched/workspace/SumSat; nice -n 19 python demo.py walRestNext NKQ rLS fit 0 1 1000 2 2 &
cd ~/sched/workspace/SumSat; nice -n 19 python demo.py walRest NK rLS fit 0 1 1000 2 0 &
cd ~/sched/workspace/SumSat; nice -n 19 python demo.py walRest NKQ rLS fit 0 1 1000 2 2 &
cd ~/sched/workspace/SumSat; nice -n 19 python demo.py walWalk NK rLS fit 0 1 1000 2 0 &
cd ~/sched/workspace/SumSat; nice -n 19 python demo.py walWalk NKQ rLS fit 0 1 1000 2 2 &
cd ~/sched/workspace/SumSat; nice -n 19 python demo.py walWalkNext NK rLS fit 0 1 1000 2 0 &
cd ~/sched/workspace/SumSat; nice -n 19 python demo.py walWalkNext NKQ rLS fit 0 1 1000 2 2 &
cd ~/sched/workspace/SumSat; nice -n 19 python demo.py walRestNext NK rLS mean 0 1 1000 2 0 &
cd ~/sched/workspace/SumSat; nice -n 19 python demo.py walRestNext NKQ rLS mean 0 1 1000 2 2 &
cd ~/sched/workspace/SumSat; nice -n 19 python demo.py walRest NK rLS mean 0 1 1000 2 0 &
cd ~/sched/workspace/SumSat; nice -n 19 python demo.py walRest NKQ rLS mean 0 1 1000 2 2 &
cd ~/sched/workspace/SumSat; nice -n 19 python demo.py walWalk NK rLS mean 0 1 1000 2 0 &
cd ~/sched/workspace/SumSat; nice -n 19 python demo.py walWalk NKQ rLS mean 0 1 1000 2 2 &
cd ~/sched/workspace/SumSat; nice -n 19 python demo.py walWalkNext NK rLS mean 0 1 1000 2 0 &
cd ~/sched/workspace/SumSat; nice -n 19 python demo.py walWalkNext NKQ rLS mean 0 1 1000 2 2 &
cd ~/sched/workspace/SumSat; nice -n 19 python demo.py walRestNext NK rLS fit 0 1 50 4 0 &
cd ~/sched/workspace/SumSat; nice -n 19 python demo.py walRestNext NKQ rLS fit 0 1 50 4 2 &
cd ~/sched/workspace/SumSat; nice -n 19 python demo.py walRest NK rLS fit 0 1 50 4 0 &
cd ~/sched/workspace/SumSat; nice -n 19 python demo.py walRest NKQ rLS fit 0 1 50 4 2 &
cd ~/sched/workspace/SumSat; nice -n 19 python demo.py walWalk NK rLS fit 0 1 50 4 0 &
cd ~/sched/workspace/SumSat; nice -n 19 python demo.py walWalk NKQ rLS fit 0 1 50 4 2 &
cd ~/sched/workspace/SumSat; nice -n 19 python demo.py walWalkNext NK rLS fit 0 1 50 4 0 &
cd ~/sched/workspace/SumSat; nice -n 19 python demo.py walWalkNext NKQ rLS fit 0 1 50 4 2 &
cd ~/sched/workspace/SumSat; nice -n 19 python demo.py walRestNext NK rLS mean 0 1 50 4 0 &
cd ~/sched/workspace/SumSat; nice -n 19 python demo.py walRestNext NKQ rLS mean 0 1 50 4 2 &
cd ~/sched/workspace/SumSat; nice -n 19 python demo.py walRest NK rLS mean 0 1 50 4 0 &
cd ~/sched/workspace/SumSat; nice -n 19 python demo.py walRest NKQ rLS mean 0 1 50 4 2 &
cd ~/sched/workspace/SumSat; nice -n 19 python demo.py walWalk NK rLS mean 0 1 50 4 0 &
cd ~/sched/workspace/SumSat; nice -n 19 python demo.py walWalk NKQ rLS mean 0 1 50 4 2 &
cd ~/sched/workspace/SumSat; nice -n 19 python demo.py walWalkNext NK rLS mean 0 1 50 4 0 &
cd ~/sched/workspace/SumSat; nice -n 19 python demo.py walWalkNext NKQ rLS mean 0 1 50 4 2 &
cd ~/sched/workspace/SumSat; nice -n 19 python demo.py walRestNext NK rLS fit 0 1 100 4 0 &
cd ~/sched/workspace/SumSat; nice -n 19 python demo.py walRestNext NKQ rLS fit 0 1 100 4 2 &
cd ~/sched/workspace/SumSat; nice -n 19 python demo.py walRest NK rLS fit 0 1 100 4 0 &
cd ~/sched/workspace/SumSat; nice -n 19 python demo.py walRest NKQ rLS fit 0 1 100 4 2 &
cd ~/sched/workspace/SumSat; nice -n 19 python demo.py walWalk NK rLS fit 0 1 100 4 0 &
cd ~/sched/workspace/SumSat; nice -n 19 python demo.py walWalk NKQ rLS fit 0 1 100 4 2 &
cd ~/sched/workspace/SumSat; nice -n 19 python demo.py walWalkNext NK rLS fit 0 1 100 4 0 &
cd ~/sched/workspace/SumSat; nice -n 19 python demo.py walWalkNext NKQ rLS fit 0 1 100 4 2 &
cd ~/sched/workspace/SumSat; nice -n 19 python demo.py walRestNext NK rLS mean 0 1 100 4 0 &
cd ~/sched/workspace/SumSat; nice -n 19 python demo.py walRestNext NKQ rLS mean 0 1 100 4 2 &
cd ~/sched/workspace/SumSat; nice -n 19 python demo.py walRest NK rLS mean 0 1 100 4 0 &
cd ~/sched/workspace/SumSat; nice -n 19 python demo.py walRest NKQ rLS mean 0 1 100 4 2 &
cd ~/sched/workspace/SumSat; nice -n 19 python demo.py walWalk NK rLS mean 0 1 100 4 0 &
cd ~/sched/workspace/SumSat; nice -n 19 python demo.py walWalk NKQ rLS mean 0 1 100 4 2 &
cd ~/sched/workspace/SumSat; nice -n 19 python demo.py walWalkNext NK rLS mean 0 1 100 4 0 &
cd ~/sched/workspace/SumSat; nice -n 19 python demo.py walWalkNext NKQ rLS mean 0 1 100 4 2 &
cd ~/sched/workspace/SumSat; nice -n 19 python demo.py walRestNext NK rLS fit 0 1 200 4 0 &
cd ~/sched/workspace/SumSat; nice -n 19 python demo.py walRestNext NKQ rLS fit 0 1 200 4 2 &
cd ~/sched/workspace/SumSat; nice -n 19 python demo.py walRest NK rLS fit 0 1 200 4 0 &
cd ~/sched/workspace/SumSat; nice -n 19 python demo.py walRest NKQ rLS fit 0 1 200 4 2 &
cd ~/sched/workspace/SumSat; nice -n 19 python demo.py walWalk NK rLS fit 0 1 200 4 0 &
cd ~/sched/workspace/SumSat; nice -n 19 python demo.py walWalk NKQ rLS fit 0 1 200 4 2 &
cd ~/sched/workspace/SumSat; nice -n 19 python demo.py walWalkNext NK rLS fit 0 1 200 4 0 &
cd ~/sched/workspace/SumSat; nice -n 19 python demo.py walWalkNext NKQ rLS fit 0 1 200 4 2 &
cd ~/sched/workspace/SumSat; nice -n 19 python demo.py walRestNext NK rLS mean 0 1 200 4 0 &
cd ~/sched/workspace/SumSat; nice -n 19 python demo.py walRestNext NKQ rLS mean 0 1 200 4 2 &
cd ~/sched/workspace/SumSat; nice -n 19 python demo.py walRest NK rLS mean 0 1 200 4 0 &
cd ~/sched/workspace/SumSat; nice -n 19 python demo.py walRest NKQ rLS mean 0 1 200 4 2 &
cd ~/sched/workspace/SumSat; nice -n 19 python demo.py walWalk NK rLS mean 0 1 200 4 0 &
cd ~/sched/workspace/SumSat; nice -n 19 python demo.py walWalk NKQ rLS mean 0 1 200 4 2 &
cd ~/sched/workspace/SumSat; nice -n 19 python demo.py walWalkNext NK rLS mean 0 1 200 4 0 &
cd ~/sched/workspace/SumSat; nice -n 19 python demo.py walWalkNext NKQ rLS mean 0 1 200 4 2 &
cd ~/sched/workspace/SumSat; nice -n 19 python demo.py walRestNext NK rLS fit 0 1 500 4 0 &
cd ~/sched/workspace/SumSat; nice -n 19 python demo.py walRestNext NKQ rLS fit 0 1 500 4 2 &
cd ~/sched/workspace/SumSat; nice -n 19 python demo.py walRest NK rLS fit 0 1 500 4 0 &
cd ~/sched/workspace/SumSat; nice -n 19 python demo.py walRest NKQ rLS fit 0 1 500 4 2 &
cd ~/sched/workspace/SumSat; nice -n 19 python demo.py walWalk NK rLS fit 0 1 500 4 0 &
cd ~/sched/workspace/SumSat; nice -n 19 python demo.py walWalk NKQ rLS fit 0 1 500 4 2 &
cd ~/sched/workspace/SumSat; nice -n 19 python demo.py walWalkNext NK rLS fit 0 1 500 4 0 &
cd ~/sched/workspace/SumSat; nice -n 19 python demo.py walWalkNext NKQ rLS fit 0 1 500 4 2 &
cd ~/sched/workspace/SumSat; nice -n 19 python demo.py walRestNext NK rLS mean 0 1 500 4 0 &
cd ~/sched/workspace/SumSat; nice -n 19 python demo.py walRestNext NKQ rLS mean 0 1 500 4 2 &
cd ~/sched/workspace/SumSat; nice -n 19 python demo.py walRest NK rLS mean 0 1 500 4 0 &
cd ~/sched/workspace/SumSat; nice -n 19 python demo.py walRest NKQ rLS mean 0 1 500 4 2 &
cd ~/sched/workspace/SumSat; nice -n 19 python demo.py walWalk NK rLS mean 0 1 500 4 0 &
cd ~/sched/workspace/SumSat; nice -n 19 python demo.py walWalk NKQ rLS mean 0 1 500 4 2 &
cd ~/sched/workspace/SumSat; nice -n 19 python demo.py walWalkNext NK rLS mean 0 1 500 4 0 &
cd ~/sched/workspace/SumSat; nice -n 19 python demo.py walWalkNext NKQ rLS mean 0 1 500 4 2 &
cd ~/sched/workspace/SumSat; nice -n 19 python demo.py walRestNext NK rLS fit 0 1 1000 4 0 &
cd ~/sched/workspace/SumSat; nice -n 19 python demo.py walRestNext NKQ rLS fit 0 1 1000 4 2 &
cd ~/sched/workspace/SumSat; nice -n 19 python demo.py walRest NK rLS fit 0 1 1000 4 0 &
cd ~/sched/workspace/SumSat; nice -n 19 python demo.py walRest NKQ rLS fit 0 1 1000 4 2 &
cd ~/sched/workspace/SumSat; nice -n 19 python demo.py walWalk NK rLS fit 0 1 1000 4 0 &
cd ~/sched/workspace/SumSat; nice -n 19 python demo.py walWalk NKQ rLS fit 0 1 1000 4 2 &
cd ~/sched/workspace/SumSat; nice -n 19 python demo.py walWalkNext NK rLS fit 0 1 1000 4 0 &
cd ~/sched/workspace/SumSat; nice -n 19 python demo.py walWalkNext NKQ rLS fit 0 1 1000 4 2 &
cd ~/sched/workspace/SumSat; nice -n 19 python demo.py walRestNext NK rLS mean 0 1 1000 4 0 &
cd ~/sched/workspace/SumSat; nice -n 19 python demo.py walRestNext NKQ rLS mean 0 1 1000 4 2 &
cd ~/sched/workspace/SumSat; nice -n 19 python demo.py walRest NK rLS mean 0 1 1000 4 0 &
cd ~/sched/workspace/SumSat; nice -n 19 python demo.py walRest NKQ rLS mean 0 1 1000 4 2 &
cd ~/sched/workspace/SumSat; nice -n 19 python demo.py walWalk NK rLS mean 0 1 1000 4 0 &
cd ~/sched/workspace/SumSat; nice -n 19 python demo.py walWalk NKQ rLS mean 0 1 1000 4 2 &
cd ~/sched/workspace/SumSat; nice -n 19 python demo.py walWalkNext NK rLS mean 0 1 1000 4 0 &
cd ~/sched/workspace/SumSat; nice -n 19 python demo.py walWalkNext NKQ rLS mean 0 1 1000 4 2 &
cd ~/sched/workspace/SumSat; nice -n 19 python demo.py walRestNext NK rLS fit 0 1 50 8 0 &
cd ~/sched/workspace/SumSat; nice -n 19 python demo.py walRestNext NKQ rLS fit 0 1 50 8 2 &
cd ~/sched/workspace/SumSat; nice -n 19 python demo.py walRest NK rLS fit 0 1 50 8 0 &
cd ~/sched/workspace/SumSat; nice -n 19 python demo.py walRest NKQ rLS fit 0 1 50 8 2 &
cd ~/sched/workspace/SumSat; nice -n 19 python demo.py walWalk NK rLS fit 0 1 50 8 0 &
cd ~/sched/workspace/SumSat; nice -n 19 python demo.py walWalk NKQ rLS fit 0 1 50 8 2 &
cd ~/sched/workspace/SumSat; nice -n 19 python demo.py walWalkNext NK rLS fit 0 1 50 8 0 &
cd ~/sched/workspace/SumSat; nice -n 19 python demo.py walWalkNext NKQ rLS fit 0 1 50 8 2 &
cd ~/sched/workspace/SumSat; nice -n 19 python demo.py walRestNext NK rLS mean 0 1 50 8 0 &
cd ~/sched/workspace/SumSat; nice -n 19 python demo.py walRestNext NKQ rLS mean 0 1 50 8 2 &
cd ~/sched/workspace/SumSat; nice -n 19 python demo.py walRest NK rLS mean 0 1 50 8 0 &
cd ~/sched/workspace/SumSat; nice -n 19 python demo.py walRest NKQ rLS mean 0 1 50 8 2 &
cd ~/sched/workspace/SumSat; nice -n 19 python demo.py walWalk NK rLS mean 0 1 50 8 0 &
cd ~/sched/workspace/SumSat; nice -n 19 python demo.py walWalk NKQ rLS mean 0 1 50 8 2 &
cd ~/sched/workspace/SumSat; nice -n 19 python demo.py walWalkNext NK rLS mean 0 1 50 8 0 &
cd ~/sched/workspace/SumSat; nice -n 19 python demo.py walWalkNext NKQ rLS mean 0 1 50 8 2 &
cd ~/sched/workspace/SumSat; nice -n 19 python demo.py walRestNext NK rLS fit 0 1 100 8 0 &
cd ~/sched/workspace/SumSat; nice -n 19 python demo.py walRestNext NKQ rLS fit 0 1 100 8 2 &
cd ~/sched/workspace/SumSat; nice -n 19 python demo.py walRest NK rLS fit 0 1 100 8 0 &
cd ~/sched/workspace/SumSat; nice -n 19 python demo.py walRest NKQ rLS fit 0 1 100 8 2 &
cd ~/sched/workspace/SumSat; nice -n 19 python demo.py walWalk NK rLS fit 0 1 100 8 0 &
cd ~/sched/workspace/SumSat; nice -n 19 python demo.py walWalk NKQ rLS fit 0 1 100 8 2 &
cd ~/sched/workspace/SumSat; nice -n 19 python demo.py walWalkNext NK rLS fit 0 1 100 8 0 &
cd ~/sched/workspace/SumSat; nice -n 19 python demo.py walWalkNext NKQ rLS fit 0 1 100 8 2 &
cd ~/sched/workspace/SumSat; nice -n 19 python demo.py walRestNext NK rLS mean 0 1 100 8 0 &
cd ~/sched/workspace/SumSat; nice -n 19 python demo.py walRestNext NKQ rLS mean 0 1 100 8 2 &
cd ~/sched/workspace/SumSat; nice -n 19 python demo.py walRest NK rLS mean 0 1 100 8 0 &
cd ~/sched/workspace/SumSat; nice -n 19 python demo.py walRest NKQ rLS mean 0 1 100 8 2 &
cd ~/sched/workspace/SumSat; nice -n 19 python demo.py walWalk NK rLS mean 0 1 100 8 0 &
cd ~/sched/workspace/SumSat; nice -n 19 python demo.py walWalk NKQ rLS mean 0 1 100 8 2 &
cd ~/sched/workspace/SumSat; nice -n 19 python demo.py walWalkNext NK rLS mean 0 1 100 8 0 &
cd ~/sched/workspace/SumSat; nice -n 19 python demo.py walWalkNext NKQ rLS mean 0 1 100 8 2 &
cd ~/sched/workspace/SumSat; nice -n 19 python demo.py walRestNext NK rLS fit 0 1 200 8 0 &
cd ~/sched/workspace/SumSat; nice -n 19 python demo.py walRestNext NKQ rLS fit 0 1 200 8 2 &
cd ~/sched/workspace/SumSat; nice -n 19 python demo.py walRest NK rLS fit 0 1 200 8 0 &
cd ~/sched/workspace/SumSat; nice -n 19 python demo.py walRest NKQ rLS fit 0 1 200 8 2 &
cd ~/sched/workspace/SumSat; nice -n 19 python demo.py walWalk NK rLS fit 0 1 200 8 0 &
cd ~/sched/workspace/SumSat; nice -n 19 python demo.py walWalk NKQ rLS fit 0 1 200 8 2 &
cd ~/sched/workspace/SumSat; nice -n 19 python demo.py walWalkNext NK rLS fit 0 1 200 8 0 &
cd ~/sched/workspace/SumSat; nice -n 19 python demo.py walWalkNext NKQ rLS fit 0 1 200 8 2 &
cd ~/sched/workspace/SumSat; nice -n 19 python demo.py walRestNext NK rLS mean 0 1 200 8 0 &
cd ~/sched/workspace/SumSat; nice -n 19 python demo.py walRestNext NKQ rLS mean 0 1 200 8 2 &
cd ~/sched/workspace/SumSat; nice -n 19 python demo.py walRest NK rLS mean 0 1 200 8 0 &
cd ~/sched/workspace/SumSat; nice -n 19 python demo.py walRest NKQ rLS mean 0 1 200 8 2 &
cd ~/sched/workspace/SumSat; nice -n 19 python demo.py walWalk NK rLS mean 0 1 200 8 0 &
cd ~/sched/workspace/SumSat; nice -n 19 python demo.py walWalk NKQ rLS mean 0 1 200 8 2 &
cd ~/sched/workspace/SumSat; nice -n 19 python demo.py walWalkNext NK rLS mean 0 1 200 8 0 &
cd ~/sched/workspace/SumSat; nice -n 19 python demo.py walWalkNext NKQ rLS mean 0 1 200 8 2 &
cd ~/sched/workspace/SumSat; nice -n 19 python demo.py walRestNext NK rLS fit 0 1 500 8 0 &
cd ~/sched/workspace/SumSat; nice -n 19 python demo.py walRestNext NKQ rLS fit 0 1 500 8 2 &
cd ~/sched/workspace/SumSat; nice -n 19 python demo.py walRest NK rLS fit 0 1 500 8 0 &
cd ~/sched/workspace/SumSat; nice -n 19 python demo.py walRest NKQ rLS fit 0 1 500 8 2 &
cd ~/sched/workspace/SumSat; nice -n 19 python demo.py walWalk NK rLS fit 0 1 500 8 0 &
cd ~/sched/workspace/SumSat; nice -n 19 python demo.py walWalk NKQ rLS fit 0 1 500 8 2 &
cd ~/sched/workspace/SumSat; nice -n 19 python demo.py walWalkNext NK rLS fit 0 1 500 8 0 &
cd ~/sched/workspace/SumSat; nice -n 19 python demo.py walWalkNext NKQ rLS fit 0 1 500 8 2 &
cd ~/sched/workspace/SumSat; nice -n 19 python demo.py walRestNext NK rLS mean 0 1 500 8 0 &
cd ~/sched/workspace/SumSat; nice -n 19 python demo.py walRestNext NKQ rLS mean 0 1 500 8 2 &
cd ~/sched/workspace/SumSat; nice -n 19 python demo.py walRest NK rLS mean 0 1 500 8 0 &
cd ~/sched/workspace/SumSat; nice -n 19 python demo.py walRest NKQ rLS mean 0 1 500 8 2 &
cd ~/sched/workspace/SumSat; nice -n 19 python demo.py walWalk NK rLS mean 0 1 500 8 0 &
cd ~/sched/workspace/SumSat; nice -n 19 python demo.py walWalk NKQ rLS mean 0 1 500 8 2 &
cd ~/sched/workspace/SumSat; nice -n 19 python demo.py walWalkNext NK rLS mean 0 1 500 8 0 &
cd ~/sched/workspace/SumSat; nice -n 19 python demo.py walWalkNext NKQ rLS mean 0 1 500 8 2 &
cd ~/sched/workspace/SumSat; nice -n 19 python demo.py walRestNext NK rLS fit 0 1 1000 8 0 &
cd ~/sched/workspace/SumSat; nice -n 19 python demo.py walRestNext NKQ rLS fit 0 1 1000 8 2 &
cd ~/sched/workspace/SumSat; nice -n 19 python demo.py walRest NK rLS fit 0 1 1000 8 0 &
cd ~/sched/workspace/SumSat; nice -n 19 python demo.py walRest NKQ rLS fit 0 1 1000 8 2 &
cd ~/sched/workspace/SumSat; nice -n 19 python demo.py walWalk NK rLS fit 0 1 1000 8 0 &
cd ~/sched/workspace/SumSat; nice -n 19 python demo.py walWalk NKQ rLS fit 0 1 1000 8 2 &
cd ~/sched/workspace/SumSat; nice -n 19 python demo.py walWalkNext NK rLS fit 0 1 1000 8 0 &
cd ~/sched/workspace/SumSat; nice -n 19 python demo.py walWalkNext NKQ rLS fit 0 1 1000 8 2 &
cd ~/sched/workspace/SumSat; nice -n 19 python demo.py walRestNext NK rLS mean 0 1 1000 8 0 &
cd ~/sched/workspace/SumSat; nice -n 19 python demo.py walRestNext NKQ rLS mean 0 1 1000 8 2 &
cd ~/sched/workspace/SumSat; nice -n 19 python demo.py walRest NK rLS mean 0 1 1000 8 0 &
cd ~/sched/workspace/SumSat; nice -n 19 python demo.py walRest NKQ rLS mean 0 1 1000 8 2 &
cd ~/sched/workspace/SumSat; nice -n 19 python demo.py walWalk NK rLS mean 0 1 1000 8 0 &
cd ~/sched/workspace/SumSat; nice -n 19 python demo.py walWalk NKQ rLS mean 0 1 1000 8 2 &
cd ~/sched/workspace/SumSat; nice -n 19 python demo.py walWalkNext NK rLS mean 0 1 1000 8 0 &
cd ~/sched/workspace/SumSat; nice -n 19 python demo.py walWalkNext NKQ rLS mean 0 1 1000 8 2 &
