cd ~/sched/workspace/SumSat; nice -n 19 python run.py -c 500 -p NK -a rLS -f fit -i 0 -s 1 -w 1 -n 500 -k 2 -q 0 -m walTLONextU -t 7 -e 1 
cd ~/sched/workspace/SumSat; nice -n 19 python run.py -c 500 -p NK -a rLS -f fit -i 0 -s 1 -w 1 -n 500 -k 2 -q 0 -m bfUpdateTLO -t 7 -e 1 
cd ~/sched/workspace/SumSat; nice -n 19 python run.py -c 500 -p NK -a rLS -f fit -i 0 -s 1 -w 1 -n 500 -k 4 -q 0 -m walTLONextU -t 7 -e 1 
cd ~/sched/workspace/SumSat; nice -n 19 python run.py -c 500 -p NK -a rLS -f fit -i 0 -s 1 -w 1 -n 500 -k 4 -q 0 -m bfUpdateTLO -t 7 -e 1 
cd ~/sched/workspace/SumSat; nice -n 19 python run.py -c 500 -p NK -a rLS -f fit -i 0 -s 1 -w 1 -n 500 -k 6 -q 0 -m walTLONextU -t 7 -e 1 
cd ~/sched/workspace/SumSat; nice -n 19 python run.py -c 500 -p NK -a rLS -f fit -i 0 -s 1 -w 1 -n 500 -k 6 -q 0 -m bfUpdateTLO -t 7 -e 1 
cd ~/sched/workspace/SumSat; nice -n 19 python run.py -c 500 -p NK -a rLS -f fit -i 0 -s 1 -w 1 -n 500 -k 8 -q 0 -m walTLONextU -t 7 -e 1 
cd ~/sched/workspace/SumSat; nice -n 19 python run.py -c 500 -p NK -a rLS -f fit -i 0 -s 1 -w 1 -n 500 -k 8 -q 0 -m bfUpdateTLO -t 7 -e 1 
cd ~/sched/workspace/SumSat; nice -n 19 python run.py -c 500 -p NK -a rLS -f fit -i 0 -s 1 -w 1 -n 500 -k 10 -q 0 -m walTLONextU -t 7 -e 1 
cd ~/sched/workspace/SumSat; nice -n 19 python run.py -c 500 -p NK -a rLS -f fit -i 0 -s 1 -w 1 -n 500 -k 10 -q 0 -m bfUpdateTLO -t 7 -e 1 
cd ~/sched/workspace/SumSat; nice -n 19 python run.py -c 500 -p NK -a rLS -f fit -i 0 -s 1 -w 1 -n 500 -k 12 -q 0 -m walTLONextU -t 7 -e 1 
cd ~/sched/workspace/SumSat; nice -n 19 python run.py -c 500 -p NK -a rLS -f fit -i 0 -s 1 -w 1 -n 500 -k 12 -q 0 -m bfUpdateTLO -t 7 -e 1 
cd ~/sched/workspace/SumSat; nice -n 19 python run.py -c 500 -p NK -a rLS -f fit -i 0 -s 1 -w 1 -n 500 -k 14 -q 0 -m walTLONextU -t 7 -e 1 
cd ~/sched/workspace/SumSat; nice -n 19 python run.py -c 500 -p NK -a rLS -f fit -i 0 -s 1 -w 1 -n 500 -k 14 -q 0 -m bfUpdateTLO -t 7 -e 1 
cd ~/sched/workspace/SumSat; nice -n 19 python run.py -c 2000 -p NK -a rLS -f fit -i 0 -s 1 -w 1 -n 2000 -k 2 -q 0 -m walTLONextU -t 7 -e 1 
cd ~/sched/workspace/SumSat; nice -n 19 python run.py -c 2000 -p NK -a rLS -f fit -i 0 -s 1 -w 1 -n 2000 -k 2 -q 0 -m bfUpdateTLO -t 7 -e 1 
cd ~/sched/workspace/SumSat; nice -n 19 python run.py -c 2000 -p NK -a rLS -f fit -i 0 -s 1 -w 1 -n 2000 -k 4 -q 0 -m walTLONextU -t 7 -e 1 
cd ~/sched/workspace/SumSat; nice -n 19 python run.py -c 2000 -p NK -a rLS -f fit -i 0 -s 1 -w 1 -n 2000 -k 4 -q 0 -m bfUpdateTLO -t 7 -e 1 
cd ~/sched/workspace/SumSat; nice -n 19 python run.py -c 2000 -p NK -a rLS -f fit -i 0 -s 1 -w 1 -n 2000 -k 6 -q 0 -m walTLONextU -t 7 -e 1 
cd ~/sched/workspace/SumSat; nice -n 19 python run.py -c 2000 -p NK -a rLS -f fit -i 0 -s 1 -w 1 -n 2000 -k 6 -q 0 -m bfUpdateTLO -t 7 -e 1 
cd ~/sched/workspace/SumSat; nice -n 19 python run.py -c 2000 -p NK -a rLS -f fit -i 0 -s 1 -w 1 -n 2000 -k 8 -q 0 -m walTLONextU -t 7 -e 1 
cd ~/sched/workspace/SumSat; nice -n 19 python run.py -c 2000 -p NK -a rLS -f fit -i 0 -s 1 -w 1 -n 2000 -k 8 -q 0 -m bfUpdateTLO -t 7 -e 1 
cd ~/sched/workspace/SumSat; nice -n 19 python run.py -c 2000 -p NK -a rLS -f fit -i 0 -s 1 -w 1 -n 2000 -k 10 -q 0 -m walTLONextU -t 7 -e 1 
cd ~/sched/workspace/SumSat; nice -n 19 python run.py -c 2000 -p NK -a rLS -f fit -i 0 -s 1 -w 1 -n 2000 -k 10 -q 0 -m bfUpdateTLO -t 7 -e 1 
cd ~/sched/workspace/SumSat; nice -n 19 python run.py -c 2000 -p NK -a rLS -f fit -i 0 -s 1 -w 1 -n 2000 -k 12 -q 0 -m walTLONextU -t 7 -e 1 
cd ~/sched/workspace/SumSat; nice -n 19 python run.py -c 2000 -p NK -a rLS -f fit -i 0 -s 1 -w 1 -n 2000 -k 12 -q 0 -m bfUpdateTLO -t 7 -e 1 
cd ~/sched/workspace/SumSat; nice -n 19 python run.py -c 10000 -p NK -a rLS -f fit -i 0 -s 1 -w 1 -n 10000 -k 2 -q 0 -m walTLONextU -t 7 -e 1 
cd ~/sched/workspace/SumSat; nice -n 19 python run.py -c 10000 -p NK -a rLS -f fit -i 0 -s 1 -w 1 -n 10000 -k 2 -q 0 -m bfUpdateTLO -t 7 -e 1 
cd ~/sched/workspace/SumSat; nice -n 19 python run.py -c 10000 -p NK -a rLS -f fit -i 0 -s 1 -w 1 -n 10000 -k 4 -q 0 -m walTLONextU -t 7 -e 1 
cd ~/sched/workspace/SumSat; nice -n 19 python run.py -c 10000 -p NK -a rLS -f fit -i 0 -s 1 -w 1 -n 10000 -k 4 -q 0 -m bfUpdateTLO -t 7 -e 1 
cd ~/sched/workspace/SumSat; nice -n 19 python run.py -c 10000 -p NK -a rLS -f fit -i 0 -s 1 -w 1 -n 10000 -k 6 -q 0 -m walTLONextU -t 7 -e 1 
cd ~/sched/workspace/SumSat; nice -n 19 python run.py -c 10000 -p NK -a rLS -f fit -i 0 -s 1 -w 1 -n 10000 -k 6 -q 0 -m bfUpdateTLO -t 7 -e 1 
cd ~/sched/workspace/SumSat; nice -n 19 python run.py -c 10000 -p NK -a rLS -f fit -i 0 -s 1 -w 1 -n 10000 -k 8 -q 0 -m walTLONextU -t 7 -e 1 
cd ~/sched/workspace/SumSat; nice -n 19 python run.py -c 10000 -p NK -a rLS -f fit -i 0 -s 1 -w 1 -n 10000 -k 8 -q 0 -m bfUpdateTLO -t 7 -e 1 
cd ~/sched/workspace/SumSat; nice -n 19 python run.py -c 10000 -p NK -a rLS -f fit -i 0 -s 1 -w 1 -n 10000 -k 10 -q 0 -m walTLONextU -t 7 -e 1 
cd ~/sched/workspace/SumSat; nice -n 19 python run.py -c 10000 -p NK -a rLS -f fit -i 0 -s 1 -w 1 -n 10000 -k 10 -q 0 -m bfUpdateTLO -t 7 -e 1 
cd ~/sched/workspace/SumSat; nice -n 19 python run.py -c 50000 -p NK -a rLS -f fit -i 0 -s 1 -w 1 -n 50000 -k 2 -q 0 -m walTLONextU -t 7 -e 1 
cd ~/sched/workspace/SumSat; nice -n 19 python run.py -c 50000 -p NK -a rLS -f fit -i 0 -s 1 -w 1 -n 50000 -k 2 -q 0 -m bfUpdateTLO -t 7 -e 1 
cd ~/sched/workspace/SumSat; nice -n 19 python run.py -c 50000 -p NK -a rLS -f fit -i 0 -s 1 -w 1 -n 50000 -k 4 -q 0 -m walTLONextU -t 7 -e 1 
cd ~/sched/workspace/SumSat; nice -n 19 python run.py -c 50000 -p NK -a rLS -f fit -i 0 -s 1 -w 1 -n 50000 -k 4 -q 0 -m bfUpdateTLO -t 7 -e 1 
cd ~/sched/workspace/SumSat; nice -n 19 python run.py -c 50000 -p NK -a rLS -f fit -i 0 -s 1 -w 1 -n 50000 -k 6 -q 0 -m walTLONextU -t 7 -e 1 
cd ~/sched/workspace/SumSat; nice -n 19 python run.py -c 50000 -p NK -a rLS -f fit -i 0 -s 1 -w 1 -n 50000 -k 6 -q 0 -m bfUpdateTLO -t 7 -e 1 
cd ~/sched/workspace/SumSat; nice -n 19 python run.py -c 50000 -p NK -a rLS -f fit -i 0 -s 1 -w 1 -n 50000 -k 8 -q 0 -m walTLONextU -t 7 -e 1 
cd ~/sched/workspace/SumSat; nice -n 19 python run.py -c 50000 -p NK -a rLS -f fit -i 0 -s 1 -w 1 -n 50000 -k 8 -q 0 -m bfUpdateTLO -t 7 -e 1 
